../Drivers/CMSIS/Include/core_cm4.h:2064:26:ITM_SendChar	16	static,ignoring_inline_asm
../Core/Src/main.c:149:8:barometer_sensor	16	static
../Core/Src/main.c:112:5:main	16	static
../Core/Src/main.c:156:8:current_sensor5	24	static
../Core/Src/main.c:163:8:current_sensor20	24	static
../Core/Src/main.c:200:6:SystemClock_Config	88	static
../Core/Src/main.c:255:13:MX_ADC1_Init	24	static
../Core/Src/main.c:325:13:MX_I2C1_Init	8	static
../Core/Src/main.c:359:13:MX_I2C2_Init	8	static
../Core/Src/main.c:393:13:MX_SPI1_Init	8	static
../Core/Src/main.c:431:13:MX_TIM1_Init	32	static
../Core/Src/main.c:475:13:MX_DMA_Init	16	static
../Core/Src/main.c:493:13:MX_GPIO_Init	48	static
../Core/Src/main.c:523:5:_write	32	static
../Core/Src/main.c:539:6:Error_Handler	4	static,ignoring_inline_asm
