13:05:51 **** Incremental Build of configuration Debug for project INTERUPT ****
make -j16 all 
arm-none-eabi-gcc "../Core/Src/main.c" -mcpu=cortex-m4 -std=gnu11 -g3 -DDEBUG -DUSE_HAL_DRIVER -DSTM32F446xx -c -I../Core/Inc -I../Drivers/STM32F4xx_HAL_Driver/Inc -I../Drivers/STM32F4xx_HAL_Driver/Inc/Legacy -I../Drivers/CMSIS/Device/ST/STM32F4xx/Include -I../Drivers/CMSIS/Include -O0 -ffunction-sections -fdata-sections -Wall -fstack-usage -fcyclomatic-complexity -MMD -MP -MF"Core/Src/main.d" -MT"Core/Src/main.o" --specs=nano.specs -mfpu=fpv4-sp-d16 -mfloat-abi=hard -mthumb -o "Core/Src/main.o"
arm-none-eabi-gcc -o "INTERUPT.elf" @"objects.list"   -mcpu=cortex-m4 -T"C:\Dutah Yukesh\Dutah-Sounding-Rocket-Avionics\Dutah-Sounding-Rocket-Avionics\Design\Parachute Deployement System\INTERUPT\STM32F446RETX_FLASH.ld" --specs=nosys.specs -Wl,-Map="INTERUPT.map" -Wl,--gc-sections -static --specs=nano.specs -mfpu=fpv4-sp-d16 -mfloat-abi=hard -mthumb -Wl,--start-group -lc -lm -Wl,--end-group
Finished building target: INTERUPT.elf
 
arm-none-eabi-size   INTERUPT.elf 
arm-none-eabi-objdump -h -S  INTERUPT.elf  > "INTERUPT.list"
   text	   data	    bss	    dec	    hex	filename
   7116	     20	   1588	   8724	   2214	INTERUPT.elf
Finished building: default.size.stdout
 
Finished building: INTERUPT.list
 

13:05:52 Build Finished. 0 errors, 0 warnings. (took 504ms)

