../Drivers/CMSIS/Include/core_cm4.h:2064:26:ITM_SendChar	16	static,ignoring_inline_asm
../Core/Src/main.c:81:5:bufsize	24	static
../Core/Src/main.c:88:6:clear_buffer	16	static
../Core/Src/main.c:99:5:main	8	static
../Core/Src/main.c:175:6:SystemClock_Config	88	static
../Core/Src/main.c:229:13:MX_SPI1_Init	8	static
../Core/Src/main.c:267:13:MX_SPI2_Init	8	static
../Core/Src/main.c:305:13:MX_TIM1_Init	32	static
../Core/Src/main.c:351:13:MX_GPIO_Init	48	static
../Core/Src/main.c:374:5:_write	32	static
../Core/Src/main.c:390:6:Error_Handler	4	static,ignoring_inline_asm
