../Drivers/CMSIS/Include/core_cm4.h:2064:26:ITM_SendChar	16	static,ignoring_inline_asm
../Core/Src/main.c:134:8:barometer_sensor	16	static
../Core/Src/main.c:99:5:main	16	static
../Core/Src/main.c:141:8:dht22_sensor	16	static
../Core/Src/main.c:184:6:SystemClock_Config	88	static
../Core/Src/main.c:239:13:MX_ADC1_Init	24	static
../Core/Src/main.c:291:13:MX_I2C1_Init	8	static
../Core/Src/main.c:325:13:MX_I2C2_Init	8	static
../Core/Src/main.c:359:13:MX_SPI1_Init	8	static
../Core/Src/main.c:397:13:MX_TIM1_Init	32	static
../Core/Src/main.c:441:13:MX_DMA_Init	16	static
../Core/Src/main.c:459:13:MX_GPIO_Init	48	static
../Core/Src/main.c:489:5:_write	32	static
../Core/Src/main.c:505:6:Error_Handler	4	static,ignoring_inline_asm
