../Drivers/CMSIS/Include/core_cm4.h:2064:26:ITM_SendChar	16	static,ignoring_inline_asm
../Core/Src/main.c:86:5:main	8	static
../Core/Src/main.c:149:6:SystemClock_Config	88	static
../Core/Src/main.c:204:13:MX_ADC1_Init	24	static
../Core/Src/main.c:256:13:MX_I2C1_Init	8	static
../Core/Src/main.c:290:13:MX_SPI1_Init	8	static
../Core/Src/main.c:328:13:MX_TIM1_Init	32	static
../Core/Src/main.c:372:13:MX_DMA_Init	16	static
../Core/Src/main.c:390:13:MX_GPIO_Init	48	static
../Core/Src/main.c:420:5:_write	32	static
../Core/Src/main.c:436:6:Error_Handler	4	static,ignoring_inline_asm
