../Drivers/CMSIS/Include/core_cm4.h:2064:26:ITM_SendChar	16	static,ignoring_inline_asm
../Core/Src/main.c:169:8:current_sensor5	24	static
../Core/Src/main.c:128:5:main	16	static
../Core/Src/main.c:176:8:current_sensor20	24	static
../Core/Src/main.c:183:8:barometer_sensor	16	static
../Core/Src/main.c:236:6:SystemClock_Config	88	static
../Core/Src/main.c:291:13:MX_ADC1_Init	24	static
../Core/Src/main.c:370:13:MX_I2C1_Init	8	static
../Core/Src/main.c:404:13:MX_I2C2_Init	8	static
../Core/Src/main.c:438:13:MX_SPI1_Init	8	static
../Core/Src/main.c:476:13:MX_TIM1_Init	32	static
../Core/Src/main.c:522:13:MX_USART1_UART_Init	8	static
../Core/Src/main.c:553:13:MX_DMA_Init	16	static
../Core/Src/main.c:571:13:MX_GPIO_Init	48	static
../Core/Src/main.c:617:5:_write	32	static
../Core/Src/main.c:633:6:Error_Handler	4	static,ignoring_inline_asm
