../Drivers/CMSIS/Include/core_cm4.h:2064:26:ITM_SendChar	16	static,ignoring_inline_asm
../Core/Src/main.c:167:5:bufsize	24	static
../Core/Src/main.c:174:6:clear_buffer	16	static
../Core/Src/main.c:238:8:current_sensor5	24	static
../Core/Src/main.c:184:5:main	48	static
../Core/Src/main.c:245:8:current_sensor20	24	static
../Core/Src/main.c:252:8:barometer_sensor	16	static
../Core/Src/main.c:258:6:isu_check	16	static
../Core/Src/main.c:406:6:SystemClock_Config	88	static
../Core/Src/main.c:461:13:MX_ADC1_Init	24	static
../Core/Src/main.c:540:13:MX_I2C1_Init	8	static
../Core/Src/main.c:574:13:MX_I2C2_Init	8	static
../Core/Src/main.c:608:13:MX_I2C3_Init	8	static
../Core/Src/main.c:642:13:MX_SPI1_Init	8	static
../Core/Src/main.c:680:13:MX_SPI2_Init	8	static
../Core/Src/main.c:718:13:MX_TIM1_Init	32	static
../Core/Src/main.c:764:13:MX_UART4_Init	8	static
../Core/Src/main.c:797:13:MX_UART5_Init	8	static
../Core/Src/main.c:830:13:MX_USART1_UART_Init	8	static
../Core/Src/main.c:861:13:MX_DMA_Init	16	static
../Core/Src/main.c:886:13:MX_GPIO_Init	48	static
../Core/Src/main.c:947:5:_write	32	static
../Core/Src/main.c:963:6:Error_Handler	4	static,ignoring_inline_asm
