../Drivers/CMSIS/Include/core_cm4.h:2064:26:ITM_SendChar	16	static,ignoring_inline_asm
../Core/Src/main.c:173:5:bufsize	24	static
../Core/Src/main.c:180:6:clear_buffer	16	static
../Core/Src/main.c:244:8:current_sensor5	24	static
../Core/Src/main.c:190:5:main	48	static
../Core/Src/main.c:251:8:current_sensor20	24	static
../Core/Src/main.c:258:8:barometer_sensor	16	static
../Core/Src/main.c:264:6:isu_check	16	static
../Core/Src/main.c:439:6:SystemClock_Config	88	static
../Core/Src/main.c:494:13:MX_ADC1_Init	24	static
../Core/Src/main.c:573:13:MX_I2C1_Init	8	static
../Core/Src/main.c:607:13:MX_I2C2_Init	8	static
../Core/Src/main.c:641:13:MX_I2C3_Init	8	static
../Core/Src/main.c:675:13:MX_SPI1_Init	8	static
../Core/Src/main.c:713:13:MX_SPI2_Init	8	static
../Core/Src/main.c:751:13:MX_TIM1_Init	32	static
../Core/Src/main.c:797:13:MX_UART4_Init	8	static
../Core/Src/main.c:830:13:MX_UART5_Init	8	static
../Core/Src/main.c:863:13:MX_USART1_UART_Init	8	static
../Core/Src/main.c:894:13:MX_DMA_Init	16	static
../Core/Src/main.c:919:13:MX_GPIO_Init	48	static
../Core/Src/main.c:992:5:_write	32	static
../Core/Src/main.c:1008:6:Error_Handler	4	static,ignoring_inline_asm
