../Core/Src/stm32f4xx_it.c:61:6:SDTimer_Handler	4	static
../Core/Src/stm32f4xx_it.c:87:6:NMI_Handler	4	static
../Core/Src/stm32f4xx_it.c:102:6:HardFault_Handler	4	static
../Core/Src/stm32f4xx_it.c:117:6:MemManage_Handler	4	static
../Core/Src/stm32f4xx_it.c:132:6:BusFault_Handler	4	static
../Core/Src/stm32f4xx_it.c:147:6:UsageFault_Handler	4	static
../Core/Src/stm32f4xx_it.c:162:6:SVC_Handler	4	static
../Core/Src/stm32f4xx_it.c:175:6:DebugMon_Handler	4	static
../Core/Src/stm32f4xx_it.c:188:6:PendSV_Handler	4	static
../Core/Src/stm32f4xx_it.c:201:6:SysTick_Handler	8	static
../Core/Src/stm32f4xx_it.c:229:6:RCC_IRQHandler	4	static
../Core/Src/stm32f4xx_it.c:242:6:DMA1_Stream0_IRQHandler	8	static
../Core/Src/stm32f4xx_it.c:256:6:USART1_IRQHandler	8	static
../Core/Src/stm32f4xx_it.c:270:6:DMA1_Stream7_IRQHandler	8	static
../Core/Src/stm32f4xx_it.c:284:6:UART5_IRQHandler	8	static
../Core/Src/stm32f4xx_it.c:298:6:DMA2_Stream0_IRQHandler	8	static
