../Drivers/CMSIS/Include/core_cm4.h:2064:26:ITM_SendChar	16	static,ignoring_inline_asm
../Core/Src/main.c:154:5:bufsize	24	static
../Core/Src/main.c:161:6:clear_buffer	16	static
../Core/Src/main.c:256:8:current_sensor5	24	static
../Core/Src/main.c:172:5:main	48	static
../Core/Src/main.c:263:8:current_sensor20	24	static
../Core/Src/main.c:270:8:barometer_sensor	16	static
../Core/Src/main.c:363:6:SystemClock_Config	88	static
../Core/Src/main.c:418:13:MX_ADC1_Init	24	static
../Core/Src/main.c:497:13:MX_I2C1_Init	8	static
../Core/Src/main.c:531:13:MX_I2C2_Init	8	static
../Core/Src/main.c:565:13:MX_I2C3_Init	8	static
../Core/Src/main.c:599:13:MX_SPI1_Init	8	static
../Core/Src/main.c:637:13:MX_SPI2_Init	8	static
../Core/Src/main.c:675:13:MX_TIM1_Init	32	static
../Core/Src/main.c:721:13:MX_UART4_Init	8	static
../Core/Src/main.c:754:13:MX_USART1_UART_Init	8	static
../Core/Src/main.c:785:13:MX_DMA_Init	16	static
../Core/Src/main.c:803:13:MX_GPIO_Init	48	static
../Core/Src/main.c:849:5:_write	32	static
../Core/Src/main.c:865:6:Error_Handler	4	static,ignoring_inline_asm
