../Drivers/CMSIS/Include/core_cm4.h:2064:26:ITM_SendChar	16	static,ignoring_inline_asm
../Core/Src/main.c:160:5:bufsize	24	static
../Core/Src/main.c:167:6:clear_buffer	16	static
../Core/Src/main.c:227:8:current_sensor5	24	static
../Core/Src/main.c:177:5:main	48	static
../Core/Src/main.c:234:8:current_sensor20	24	static
../Core/Src/main.c:241:8:barometer_sensor	16	static
../Core/Src/main.c:355:6:SystemClock_Config	88	static
../Core/Src/main.c:410:13:MX_ADC1_Init	24	static
../Core/Src/main.c:489:13:MX_I2C1_Init	8	static
../Core/Src/main.c:523:13:MX_I2C2_Init	8	static
../Core/Src/main.c:557:13:MX_I2C3_Init	8	static
../Core/Src/main.c:591:13:MX_SPI1_Init	8	static
../Core/Src/main.c:629:13:MX_SPI2_Init	8	static
../Core/Src/main.c:667:13:MX_TIM1_Init	32	static
../Core/Src/main.c:713:13:MX_UART4_Init	8	static
../Core/Src/main.c:746:13:MX_USART1_UART_Init	8	static
../Core/Src/main.c:777:13:MX_DMA_Init	16	static
../Core/Src/main.c:795:13:MX_GPIO_Init	48	static
../Core/Src/main.c:841:5:_write	32	static
../Core/Src/main.c:857:6:Error_Handler	4	static,ignoring_inline_asm
