../Drivers/CMSIS/Include/core_cm4.h:2064:26:ITM_SendChar	16	static,ignoring_inline_asm
../Core/Src/main.c:185:8:current_sensor5	24	static
../Core/Src/main.c:141:5:main	32	static
../Core/Src/main.c:192:8:current_sensor20	24	static
../Core/Src/main.c:199:8:barometer_sensor	16	static
../Core/Src/main.c:295:6:SystemClock_Config	88	static
../Core/Src/main.c:350:13:MX_ADC1_Init	24	static
../Core/Src/main.c:429:13:MX_I2C1_Init	8	static
../Core/Src/main.c:463:13:MX_I2C2_Init	8	static
../Core/Src/main.c:497:13:MX_SPI1_Init	8	static
../Core/Src/main.c:535:13:MX_TIM1_Init	32	static
../Core/Src/main.c:581:13:MX_UART4_Init	8	static
../Core/Src/main.c:614:13:MX_UART5_Init	8	static
../Core/Src/main.c:647:13:MX_USART1_UART_Init	8	static
../Core/Src/main.c:678:13:MX_DMA_Init	16	static
../Core/Src/main.c:703:13:MX_GPIO_Init	48	static
../Core/Src/main.c:754:5:_write	32	static
../Core/Src/main.c:770:6:Error_Handler	4	static,ignoring_inline_asm
