../Drivers/CMSIS/Include/core_cm4.h:2064:26:ITM_SendChar	16	static,ignoring_inline_asm
../Core/Src/main.c:168:8:barometer_sensor	16	static
../Core/Src/main.c:128:5:main	16	static
../Core/Src/main.c:175:8:current_sensor5	24	static
../Core/Src/main.c:182:8:current_sensor20	24	static
../Core/Src/main.c:233:6:SystemClock_Config	88	static
../Core/Src/main.c:288:13:MX_ADC1_Init	24	static
../Core/Src/main.c:358:13:MX_I2C1_Init	8	static
../Core/Src/main.c:392:13:MX_I2C2_Init	8	static
../Core/Src/main.c:426:13:MX_SPI1_Init	8	static
../Core/Src/main.c:464:13:MX_TIM1_Init	32	static
../Core/Src/main.c:510:13:MX_USART1_UART_Init	8	static
../Core/Src/main.c:541:13:MX_DMA_Init	16	static
../Core/Src/main.c:559:13:MX_GPIO_Init	48	static
../Core/Src/main.c:589:5:_write	32	static
../Core/Src/main.c:605:6:Error_Handler	4	static,ignoring_inline_asm
