../Drivers/CMSIS/Include/core_cm4.h:2064:26:ITM_SendChar	16	static,ignoring_inline_asm
../Core/Src/main.c:193:8:current_sensor5	24	static
../Core/Src/main.c:147:5:main	48	static
../Core/Src/main.c:200:8:current_sensor20	24	static
../Core/Src/main.c:207:8:barometer_sensor	16	static
../Core/Src/main.c:300:6:SystemClock_Config	88	static
../Core/Src/main.c:355:13:MX_ADC1_Init	24	static
../Core/Src/main.c:434:13:MX_I2C1_Init	8	static
../Core/Src/main.c:468:13:MX_I2C2_Init	8	static
../Core/Src/main.c:502:13:MX_I2C3_Init	8	static
../Core/Src/main.c:536:13:MX_SPI1_Init	8	static
../Core/Src/main.c:574:13:MX_TIM1_Init	32	static
../Core/Src/main.c:620:13:MX_UART4_Init	8	static
../Core/Src/main.c:653:13:MX_USART1_UART_Init	8	static
../Core/Src/main.c:684:13:MX_DMA_Init	16	static
../Core/Src/main.c:702:13:MX_GPIO_Init	48	static
../Core/Src/main.c:748:5:_write	32	static
../Core/Src/main.c:764:6:Error_Handler	4	static,ignoring_inline_asm
