../Drivers/CMSIS/Include/core_cm4.h:2064:26:ITM_SendChar	16	static,ignoring_inline_asm
../Core/Src/main.c:172:8:current_sensor5	24	static
../Core/Src/main.c:130:5:main	16	static
../Core/Src/main.c:179:8:current_sensor20	24	static
../Core/Src/main.c:186:8:barometer_sensor	16	static
../Core/Src/main.c:239:6:SystemClock_Config	88	static
../Core/Src/main.c:294:13:MX_ADC1_Init	24	static
../Core/Src/main.c:373:13:MX_I2C1_Init	8	static
../Core/Src/main.c:407:13:MX_I2C2_Init	8	static
../Core/Src/main.c:441:13:MX_SPI1_Init	8	static
../Core/Src/main.c:479:13:MX_TIM1_Init	32	static
../Core/Src/main.c:525:13:MX_UART4_Init	8	static
../Core/Src/main.c:558:13:MX_USART1_UART_Init	8	static
../Core/Src/main.c:589:13:MX_DMA_Init	16	static
../Core/Src/main.c:607:13:MX_GPIO_Init	48	static
../Core/Src/main.c:653:5:_write	32	static
../Core/Src/main.c:669:6:Error_Handler	4	static,ignoring_inline_asm
