../Drivers/CMSIS/Include/core_cm4.h:2064:26:ITM_SendChar	16	static,ignoring_inline_asm
../Core/Src/main.c:177:8:current_sensor5	24	static
../Core/Src/main.c:135:5:main	32	static
../Core/Src/main.c:184:8:current_sensor20	24	static
../Core/Src/main.c:191:8:barometer_sensor	16	static
../Core/Src/main.c:267:6:SystemClock_Config	88	static
../Core/Src/main.c:322:13:MX_ADC1_Init	24	static
../Core/Src/main.c:401:13:MX_I2C1_Init	8	static
../Core/Src/main.c:435:13:MX_I2C2_Init	8	static
../Core/Src/main.c:469:13:MX_SPI1_Init	8	static
../Core/Src/main.c:507:13:MX_TIM1_Init	32	static
../Core/Src/main.c:553:13:MX_UART4_Init	8	static
../Core/Src/main.c:586:13:MX_USART1_UART_Init	8	static
../Core/Src/main.c:617:13:MX_DMA_Init	16	static
../Core/Src/main.c:635:13:MX_GPIO_Init	48	static
../Core/Src/main.c:681:5:_write	32	static
../Core/Src/main.c:697:6:Error_Handler	4	static,ignoring_inline_asm
