../Drivers/CMSIS/Include/core_cm4.h:2064:26:ITM_SendChar	16	static,ignoring_inline_asm
../Core/Src/main.c:163:8:current_sensor5	24	static
../Core/Src/main.c:122:5:main	16	static
../Core/Src/main.c:170:8:current_sensor20	24	static
../Core/Src/main.c:177:8:barometer_sensor	16	static
../Core/Src/main.c:227:6:SystemClock_Config	88	static
../Core/Src/main.c:282:13:MX_ADC1_Init	24	static
../Core/Src/main.c:352:13:MX_I2C1_Init	8	static
../Core/Src/main.c:386:13:MX_I2C2_Init	8	static
../Core/Src/main.c:420:13:MX_SPI1_Init	8	static
../Core/Src/main.c:458:13:MX_TIM1_Init	32	static
../Core/Src/main.c:504:13:MX_USART1_UART_Init	8	static
../Core/Src/main.c:535:13:MX_DMA_Init	16	static
../Core/Src/main.c:553:13:MX_GPIO_Init	48	static
../Core/Src/main.c:583:5:_write	32	static
../Core/Src/main.c:599:6:Error_Handler	4	static,ignoring_inline_asm
