../Drivers/CMSIS/Include/core_cm4.h:2064:26:ITM_SendChar	16	static,ignoring_inline_asm
../Core/Src/main.c:173:5:bufsize	24	static
../Core/Src/main.c:180:6:clear_buffer	16	static
../Core/Src/main.c:244:8:current_sensor5	24	static
../Core/Src/main.c:190:5:main	48	static
../Core/Src/main.c:251:8:current_sensor20	24	static
../Core/Src/main.c:258:8:barometer_sensor	16	static
../Core/Src/main.c:264:6:isu_check	16	static
../Core/Src/main.c:486:6:SystemClock_Config	88	static
../Core/Src/main.c:541:13:MX_ADC1_Init	24	static
../Core/Src/main.c:620:13:MX_I2C1_Init	8	static
../Core/Src/main.c:654:13:MX_I2C2_Init	8	static
../Core/Src/main.c:688:13:MX_I2C3_Init	8	static
../Core/Src/main.c:722:13:MX_SPI1_Init	8	static
../Core/Src/main.c:760:13:MX_SPI2_Init	8	static
../Core/Src/main.c:798:13:MX_TIM1_Init	32	static
../Core/Src/main.c:844:13:MX_UART4_Init	8	static
../Core/Src/main.c:877:13:MX_UART5_Init	8	static
../Core/Src/main.c:910:13:MX_USART1_UART_Init	8	static
../Core/Src/main.c:941:13:MX_DMA_Init	16	static
../Core/Src/main.c:966:13:MX_GPIO_Init	48	static
../Core/Src/main.c:1039:5:_write	32	static
../Core/Src/main.c:1055:6:Error_Handler	4	static,ignoring_inline_asm
