../Core/Src/main.c:119:6:current_sensor	24	static
../Core/Src/main.c:89:5:main	16	static
../Core/Src/main.c:125:6:dht22_sensor	16	static
../Core/Src/main.c:131:6:barometer_sensor	16	static
../Core/Src/main.c:158:6:SystemClock_Config	88	static
../Core/Src/main.c:213:13:MX_ADC1_Init	24	static
../Core/Src/main.c:265:13:MX_I2C1_Init	8	static
../Core/Src/main.c:297:13:MX_DMA_Init	16	static
../Core/Src/main.c:315:13:MX_GPIO_Init	48	static
../Core/Src/main.c:345:6:Error_Handler	4	static,ignoring_inline_asm
