13:55:07 **** Incremental Build of configuration Debug for project Gyro Acc Fault det F446RE ****
make -j16 all 
arm-none-eabi-gcc "../Core/Src/mpu6050.c" -mcpu=cortex-m4 -std=gnu11 -g3 -DDEBUG -DUSE_HAL_DRIVER -DSTM32F446xx -c -I../Core/Inc -I../Drivers/STM32F4xx_HAL_Driver/Inc -I../Drivers/STM32F4xx_HAL_Driver/Inc/Legacy -I../Drivers/CMSIS/Device/ST/STM32F4xx/Include -I../Drivers/CMSIS/Include -O0 -ffunction-sections -fdata-sections -Wall -fstack-usage -MMD -MP -MF"Core/Src/mpu6050.d" -MT"Core/Src/mpu6050.o" --specs=nano.specs -mfpu=fpv4-sp-d16 -mfloat-abi=hard -mthumb -o "Core/Src/mpu6050.o"
arm-none-eabi-gcc -o "Gyro Acc Fault det F446RE.elf" @"objects.list"   -mcpu=cortex-m4 -T"C:\Users\student\STM32CubeIDE\workspace_1.8.1\Gyro Acc Fault det F446RE\STM32F446RETX_FLASH.ld" --specs=nosys.specs -Wl,-Map="Gyro Acc Fault det F446RE.map" -Wl,--gc-sections -static --specs=nano.specs -mfpu=fpv4-sp-d16 -mfloat-abi=hard -mthumb -Wl,--start-group -lc -lm -Wl,--end-group
Finished building target: Gyro Acc Fault det F446RE.elf
 
arm-none-eabi-size   Gyro\ Acc\ Fault\ det\ F446RE.elf 
arm-none-eabi-objdump -h -S  Gyro\ Acc\ Fault\ det\ F446RE.elf  > "Gyro Acc Fault det F446RE.list"
   text	   data	    bss	    dec	    hex	filename
  13980	     20	   1692	  15692	   3d4c	Gyro Acc Fault det F446RE.elf
Finished building: default.size.stdout
 
Finished building: Gyro Acc Fault det F446RE.list
 

13:55:07 Build Finished. 0 errors, 0 warnings. (took 522ms)

