18:08:14 **** Incremental Build of configuration Debug for project L475 test ****
make -j16 all 
arm-none-eabi-gcc "../Core/Src/main.c" -mcpu=cortex-m4 -std=gnu11 -g3 -DDEBUG -DUSE_HAL_DRIVER -DSTM32L475xx -c -I../Core/Inc -I../Drivers/STM32L4xx_HAL_Driver/Inc -I../Drivers/STM32L4xx_HAL_Driver/Inc/Legacy -I../Drivers/CMSIS/Device/ST/STM32L4xx/Include -I../Drivers/CMSIS/Include -O0 -ffunction-sections -fdata-sections -Wall -fstack-usage -MMD -MP -MF"Core/Src/main.d" -MT"Core/Src/main.o" --specs=nano.specs -mfpu=fpv4-sp-d16 -mfloat-abi=hard -mthumb -o "Core/Src/main.o"
arm-none-eabi-gcc -o "L475 test.elf" @"objects.list"   -mcpu=cortex-m4 -T"C:\Users\student\STM32CubeIDE\workspace_1.8.1\L475 test\STM32L475VGTX_FLASH.ld" --specs=nosys.specs -Wl,-Map="L475 test.map" -Wl,--gc-sections -static --specs=nano.specs -mfpu=fpv4-sp-d16 -mfloat-abi=hard -mthumb -Wl,--start-group -lc -lm -Wl,--end-group
Finished building target: L475 test.elf
 
arm-none-eabi-size   L475\ test.elf 
arm-none-eabi-objdump -h -S  L475\ test.elf  > "L475 test.list"
   text	   data	    bss	    dec	    hex	filename
   5228	     20	   1572	   6820	   1aa4	L475 test.elf
Finished building: default.size.stdout
 
Finished building: L475 test.list
 

18:08:15 Build Finished. 0 errors, 0 warnings. (took 538ms)

