14:13:38 **** Incremental Build of configuration Debug for project ADC F446RE ****
make -j16 all 
arm-none-eabi-gcc "../Core/Src/main.c" -mcpu=cortex-m4 -std=gnu11 -g3 -DDEBUG -DUSE_HAL_DRIVER -DSTM32F446xx -c -I../Core/Inc -I../Drivers/STM32F4xx_HAL_Driver/Inc -I../Drivers/STM32F4xx_HAL_Driver/Inc/Legacy -I../Drivers/CMSIS/Device/ST/STM32F4xx/Include -I../Drivers/CMSIS/Include -O0 -ffunction-sections -fdata-sections -Wall -fstack-usage -MMD -MP -MF"Core/Src/main.d" -MT"Core/Src/main.o" --specs=nano.specs -mfpu=fpv4-sp-d16 -mfloat-abi=hard -mthumb -o "Core/Src/main.o"
arm-none-eabi-gcc -o "ADC F446RE.elf" @"objects.list"   -mcpu=cortex-m4 -T"C:\Users\student\STM32CubeIDE\workspace_1.8.1\ADC F446RE\STM32F446RETX_FLASH.ld" --specs=nosys.specs -Wl,-Map="ADC F446RE.map" -Wl,--gc-sections -static --specs=nano.specs -mfpu=fpv4-sp-d16 -mfloat-abi=hard -mthumb -Wl,--start-group -lc -lm -Wl,--end-group
Finished building target: ADC F446RE.elf
 
arm-none-eabi-size   ADC\ F446RE.elf 
arm-none-eabi-objdump -h -S  ADC\ F446RE.elf  > "ADC F446RE.list"
   text	   data	    bss	    dec	    hex	filename
  10412	     20	   1740	  12172	   2f8c	ADC F446RE.elf
Finished building: default.size.stdout
 
Finished building: ADC F446RE.list
 

14:13:38 Build Finished. 0 errors, 0 warnings. (took 542ms)

