18:40:08 **** Build of configuration Debug for project CPM_Voltage_Sense_Gyro_Acc_Motor_Temp_Baro_DHT22 ****
make -j16 all 
arm-none-eabi-gcc "../Core/Src/main.c" -mcpu=cortex-m4 -std=gnu11 -g3 -DDEBUG -DUSE_HAL_DRIVER -DSTM32F446xx -c -I../Core/Inc -I../Drivers/STM32F4xx_HAL_Driver/Inc -I../Drivers/STM32F4xx_HAL_Driver/Inc/Legacy -I../Drivers/CMSIS/Device/ST/STM32F4xx/Include -I../Drivers/CMSIS/Include -O0 -ffunction-sections -fdata-sections -Wall -fstack-usage -MMD -MP -MF"Core/Src/main.d" -MT"Core/Src/main.o" --specs=nano.specs -mfpu=fpv4-sp-d16 -mfloat-abi=hard -mthumb -o "Core/Src/main.o"
../Core/Src/main.c: In function 'main':
../Core/Src/main.c:138:29: warning: passing argument 2 of 'HAL_ADC_Start_DMA' from incompatible pointer type [-Wincompatible-pointer-types]
  138 |   HAL_ADC_Start_DMA(&hadc1, val, 1);
      |                             ^~~
      |                             |
      |                             uint16_t * {aka short unsigned int *}
In file included from ../Core/Inc/stm32f4xx_hal_conf.h:294,
                 from ../Drivers/STM32F4xx_HAL_Driver/Inc/stm32f4xx_hal.h:29,
                 from ../Core/Inc/main.h:30,
                 from ../Core/Src/main.c:20:
../Drivers/STM32F4xx_HAL_Driver/Inc/stm32f4xx_hal_adc.h:594:72: note: expected 'uint32_t *' {aka 'long unsigned int *'} but argument is of type 'uint16_t *' {aka 'short unsigned int *'}
  594 | HAL_StatusTypeDef HAL_ADC_Start_DMA(ADC_HandleTypeDef* hadc, uint32_t* pData, uint32_t Length);
      |                                                              ~~~~~~~~~~^~~~~
arm-none-eabi-gcc -o "CPM_Voltage_Sense_Gyro_Acc_Motor_Temp_Baro_DHT22.elf" @"objects.list"   -mcpu=cortex-m4 -T"C:\THIRUVARULSELVAN\Dutah-Sounding-Rocket-Avionics\Design\Inertial Sensing Unit\STM Workspace\CPM_Voltage_Sense_Gyro_Acc_Motor_Temp_Baro_DHT22\STM32F446RETX_FLASH.ld" --specs=nosys.specs -Wl,-Map="CPM_Voltage_Sense_Gyro_Acc_Motor_Temp_Baro_DHT22.map" -Wl,--gc-sections -static --specs=nano.specs -mfpu=fpv4-sp-d16 -mfloat-abi=hard -mthumb -Wl,--start-group -lc -lm -Wl,--end-group
Finished building target: CPM_Voltage_Sense_Gyro_Acc_Motor_Temp_Baro_DHT22.elf
 
arm-none-eabi-size   CPM_Voltage_Sense_Gyro_Acc_Motor_Temp_Baro_DHT22.elf 
arm-none-eabi-objdump -h -S  CPM_Voltage_Sense_Gyro_Acc_Motor_Temp_Baro_DHT22.elf  > "CPM_Voltage_Sense_Gyro_Acc_Motor_Temp_Baro_DHT22.list"
   text	   data	    bss	    dec	    hex	filename
  31072	    128	   2264	  33464	   82b8	CPM_Voltage_Sense_Gyro_Acc_Motor_Temp_Baro_DHT22.elf
Finished building: default.size.stdout
 
Finished building: CPM_Voltage_Sense_Gyro_Acc_Motor_Temp_Baro_DHT22.list
 
18:40:28 **** Incremental Build of configuration Debug for project CPM_Voltage_Sense_Gyro_Acc_Motor_Temp_Baro_DHT22 ****
make -j16 all 
arm-none-eabi-size   CPM_Voltage_Sense_Gyro_Acc_Motor_Temp_Baro_DHT22.elf 
   text	   data	    bss	    dec	    hex	filename
  31072	    128	   2264	  33464	   82b8	CPM_Voltage_Sense_Gyro_Acc_Motor_Temp_Baro_DHT22.elf
Finished building: default.size.stdout
 
18:43:12 **** Incremental Build of configuration Debug for project CPM_Voltage_Sense_Gyro_Acc_Motor_Temp_Baro_DHT22 ****
make -j16 all 
arm-none-eabi-size   CPM_Voltage_Sense_Gyro_Acc_Motor_Temp_Baro_DHT22.elf 
   text	   data	    bss	    dec	    hex	filename
  31072	    128	   2264	  33464	   82b8	CPM_Voltage_Sense_Gyro_Acc_Motor_Temp_Baro_DHT22.elf
Finished building: default.size.stdout
 
18:44:03 **** Incremental Build of configuration Debug for project CPM_Voltage_Sense_Gyro_Acc_Motor_Temp_Baro_DHT22 ****
make -j16 all 
arm-none-eabi-size   CPM_Voltage_Sense_Gyro_Acc_Motor_Temp_Baro_DHT22.elf 
   text	   data	    bss	    dec	    hex	filename
  31072	    128	   2264	  33464	   82b8	CPM_Voltage_Sense_Gyro_Acc_Motor_Temp_Baro_DHT22.elf
Finished building: default.size.stdout
 
18:47:11 **** Incremental Build of configuration Debug for project CPM_Voltage_Sense_Gyro_Acc_Motor_Temp_Baro_DHT22 ****
make -j16 all 
arm-none-eabi-size   CPM_Voltage_Sense_Gyro_Acc_Motor_Temp_Baro_DHT22.elf 
   text	   data	    bss	    dec	    hex	filename
  31072	    128	   2264	  33464	   82b8	CPM_Voltage_Sense_Gyro_Acc_Motor_Temp_Baro_DHT22.elf
Finished building: default.size.stdout
 
19:15:15 **** Incremental Build of configuration Debug for project CPM_Voltage_Sense_Gyro_Acc_Motor_Temp_Baro_DHT22 ****
make -j16 all 
arm-none-eabi-gcc "../Core/Src/main.c" -mcpu=cortex-m4 -std=gnu11 -g3 -DDEBUG -DUSE_HAL_DRIVER -DSTM32F446xx -c -I../Core/Inc -I../Drivers/STM32F4xx_HAL_Driver/Inc -I../Drivers/STM32F4xx_HAL_Driver/Inc/Legacy -I../Drivers/CMSIS/Device/ST/STM32F4xx/Include -I../Drivers/CMSIS/Include -O0 -ffunction-sections -fdata-sections -Wall -fstack-usage -MMD -MP -MF"Core/Src/main.d" -MT"Core/Src/main.o" --specs=nano.specs -mfpu=fpv4-sp-d16 -mfloat-abi=hard -mthumb -o "Core/Src/main.o"
../Core/Src/main.c: In function 'main':
../Core/Src/main.c:138:29: warning: passing argument 2 of 'HAL_ADC_Start_DMA' from incompatible pointer type [-Wincompatible-pointer-types]
  138 |   HAL_ADC_Start_DMA(&hadc1, val, 1);
      |                             ^~~
      |                             |
      |                             uint16_t * {aka short unsigned int *}
In file included from ../Core/Inc/stm32f4xx_hal_conf.h:294,
                 from ../Drivers/STM32F4xx_HAL_Driver/Inc/stm32f4xx_hal.h:29,
                 from ../Core/Inc/main.h:30,
                 from ../Core/Src/main.c:20:
../Drivers/STM32F4xx_HAL_Driver/Inc/stm32f4xx_hal_adc.h:594:72: note: expected 'uint32_t *' {aka 'long unsigned int *'} but argument is of type 'uint16_t *' {aka 'short unsigned int *'}
  594 | HAL_StatusTypeDef HAL_ADC_Start_DMA(ADC_HandleTypeDef* hadc, uint32_t* pData, uint32_t Length);
      |                                                              ~~~~~~~~~~^~~~~
arm-none-eabi-gcc -o "CPM_Voltage_Sense_Gyro_Acc_Motor_Temp_Baro_DHT22.elf" @"objects.list"   -mcpu=cortex-m4 -T"C:\THIRUVARULSELVAN\Dutah-Sounding-Rocket-Avionics\Design\Inertial Sensing Unit\STM Workspace\CPM_Voltage_Sense_Gyro_Acc_Motor_Temp_Baro_DHT22\STM32F446RETX_FLASH.ld" --specs=nosys.specs -Wl,-Map="CPM_Voltage_Sense_Gyro_Acc_Motor_Temp_Baro_DHT22.map" -Wl,--gc-sections -static --specs=nano.specs -mfpu=fpv4-sp-d16 -mfloat-abi=hard -mthumb -Wl,--start-group -lc -lm -Wl,--end-group
Finished building target: CPM_Voltage_Sense_Gyro_Acc_Motor_Temp_Baro_DHT22.elf
 
arm-none-eabi-size   CPM_Voltage_Sense_Gyro_Acc_Motor_Temp_Baro_DHT22.elf 
arm-none-eabi-objdump -h -S  CPM_Voltage_Sense_Gyro_Acc_Motor_Temp_Baro_DHT22.elf  > "CPM_Voltage_Sense_Gyro_Acc_Motor_Temp_Baro_DHT22.list"
   text	   data	    bss	    dec	    hex	filename
  31072	    128	   2264	  33464	   82b8	CPM_Voltage_Sense_Gyro_Acc_Motor_Temp_Baro_DHT22.elf
Finished building: default.size.stdout
 
Finished building: CPM_Voltage_Sense_Gyro_Acc_Motor_Temp_Baro_DHT22.list
 
19:20:43 **** Incremental Build of configuration Debug for project CPM_Voltage_Sense_Gyro_Acc_Motor_Temp_Baro_DHT22 ****
make -j16 all 
arm-none-eabi-gcc "../Core/Src/DHT.c" -mcpu=cortex-m4 -std=gnu11 -g3 -DDEBUG -DUSE_HAL_DRIVER -DSTM32F446xx -c -I../Core/Inc -I../Drivers/STM32F4xx_HAL_Driver/Inc -I../Drivers/STM32F4xx_HAL_Driver/Inc/Legacy -I../Drivers/CMSIS/Device/ST/STM32F4xx/Include -I../Drivers/CMSIS/Include -O0 -ffunction-sections -fdata-sections -Wall -fstack-usage -MMD -MP -MF"Core/Src/DHT.d" -MT"Core/Src/DHT.o" --specs=nano.specs -mfpu=fpv4-sp-d16 -mfloat-abi=hard -mthumb -o "Core/Src/DHT.o"
arm-none-eabi-gcc -o "CPM_Voltage_Sense_Gyro_Acc_Motor_Temp_Baro_DHT22.elf" @"objects.list"   -mcpu=cortex-m4 -T"C:\THIRUVARULSELVAN\Dutah-Sounding-Rocket-Avionics\Design\Inertial Sensing Unit\STM Workspace\CPM_Voltage_Sense_Gyro_Acc_Motor_Temp_Baro_DHT22\STM32F446RETX_FLASH.ld" --specs=nosys.specs -Wl,-Map="CPM_Voltage_Sense_Gyro_Acc_Motor_Temp_Baro_DHT22.map" -Wl,--gc-sections -static --specs=nano.specs -mfpu=fpv4-sp-d16 -mfloat-abi=hard -mthumb -Wl,--start-group -lc -lm -Wl,--end-group
Finished building target: CPM_Voltage_Sense_Gyro_Acc_Motor_Temp_Baro_DHT22.elf
 
arm-none-eabi-size   CPM_Voltage_Sense_Gyro_Acc_Motor_Temp_Baro_DHT22.elf 
arm-none-eabi-objdump -h -S  CPM_Voltage_Sense_Gyro_Acc_Motor_Temp_Baro_DHT22.elf  > "CPM_Voltage_Sense_Gyro_Acc_Motor_Temp_Baro_DHT22.list"
   text	   data	    bss	    dec	    hex	filename
  31072	    128	   2264	  33464	   82b8	CPM_Voltage_Sense_Gyro_Acc_Motor_Temp_Baro_DHT22.elf
Finished building: default.size.stdout
 
Finished building: CPM_Voltage_Sense_Gyro_Acc_Motor_Temp_Baro_DHT22.list
 
19:37:14 **** Incremental Build of configuration Debug for project CPM_Voltage_Sense_Gyro_Acc_Motor_Temp_Baro_DHT22 ****
make -j16 all 
arm-none-eabi-size   CPM_Voltage_Sense_Gyro_Acc_Motor_Temp_Baro_DHT22.elf 
   text	   data	    bss	    dec	    hex	filename
  31072	    128	   2264	  33464	   82b8	CPM_Voltage_Sense_Gyro_Acc_Motor_Temp_Baro_DHT22.elf
Finished building: default.size.stdout
 
19:38:53 **** Incremental Build of configuration Debug for project CPM_Voltage_Sense_Gyro_Acc_Motor_Temp_Baro_DHT22 ****
make -j16 all 
arm-none-eabi-size   CPM_Voltage_Sense_Gyro_Acc_Motor_Temp_Baro_DHT22.elf 
   text	   data	    bss	    dec	    hex	filename
  31072	    128	   2264	  33464	   82b8	CPM_Voltage_Sense_Gyro_Acc_Motor_Temp_Baro_DHT22.elf
Finished building: default.size.stdout
 
19:40:43 **** Incremental Build of configuration Debug for project CPM_Voltage_Sense_Gyro_Acc_Motor_Temp_Baro_DHT22 ****
make -j16 all 
arm-none-eabi-gcc "../Core/Src/main.c" -mcpu=cortex-m4 -std=gnu11 -g3 -DDEBUG -DUSE_HAL_DRIVER -DSTM32F446xx -c -I../Core/Inc -I../Drivers/STM32F4xx_HAL_Driver/Inc -I../Drivers/STM32F4xx_HAL_Driver/Inc/Legacy -I../Drivers/CMSIS/Device/ST/STM32F4xx/Include -I../Drivers/CMSIS/Include -O0 -ffunction-sections -fdata-sections -Wall -fstack-usage -MMD -MP -MF"Core/Src/main.d" -MT"Core/Src/main.o" --specs=nano.specs -mfpu=fpv4-sp-d16 -mfloat-abi=hard -mthumb -o "Core/Src/main.o"
../Core/Src/main.c: In function 'main':
../Core/Src/main.c:138:29: warning: passing argument 2 of 'HAL_ADC_Start_DMA' from incompatible pointer type [-Wincompatible-pointer-types]
  138 |   HAL_ADC_Start_DMA(&hadc1, val, 1);
      |                             ^~~
      |                             |
      |                             uint16_t * {aka short unsigned int *}
In file included from ../Core/Inc/stm32f4xx_hal_conf.h:294,
                 from ../Drivers/STM32F4xx_HAL_Driver/Inc/stm32f4xx_hal.h:29,
                 from ../Core/Inc/main.h:30,
                 from ../Core/Src/main.c:20:
../Drivers/STM32F4xx_HAL_Driver/Inc/stm32f4xx_hal_adc.h:594:72: note: expected 'uint32_t *' {aka 'long unsigned int *'} but argument is of type 'uint16_t *' {aka 'short unsigned int *'}
  594 | HAL_StatusTypeDef HAL_ADC_Start_DMA(ADC_HandleTypeDef* hadc, uint32_t* pData, uint32_t Length);
      |                                                              ~~~~~~~~~~^~~~~
arm-none-eabi-gcc -o "CPM_Voltage_Sense_Gyro_Acc_Motor_Temp_Baro_DHT22.elf" @"objects.list"   -mcpu=cortex-m4 -T"C:\THIRUVARULSELVAN\Dutah-Sounding-Rocket-Avionics\Design\Inertial Sensing Unit\STM Workspace\CPM_Voltage_Sense_Gyro_Acc_Motor_Temp_Baro_DHT22\STM32F446RETX_FLASH.ld" --specs=nosys.specs -Wl,-Map="CPM_Voltage_Sense_Gyro_Acc_Motor_Temp_Baro_DHT22.map" -Wl,--gc-sections -static --specs=nano.specs -mfpu=fpv4-sp-d16 -mfloat-abi=hard -mthumb -Wl,--start-group -lc -lm -Wl,--end-group
Finished building target: CPM_Voltage_Sense_Gyro_Acc_Motor_Temp_Baro_DHT22.elf
 
arm-none-eabi-size   CPM_Voltage_Sense_Gyro_Acc_Motor_Temp_Baro_DHT22.elf 
arm-none-eabi-objdump -h -S  CPM_Voltage_Sense_Gyro_Acc_Motor_Temp_Baro_DHT22.elf  > "CPM_Voltage_Sense_Gyro_Acc_Motor_Temp_Baro_DHT22.list"
   text	   data	    bss	    dec	    hex	filename
  31080	    128	   2264	  33472	   82c0	CPM_Voltage_Sense_Gyro_Acc_Motor_Temp_Baro_DHT22.elf
Finished building: default.size.stdout
 
Finished building: CPM_Voltage_Sense_Gyro_Acc_Motor_Temp_Baro_DHT22.list
 
19:41:12 **** Incremental Build of configuration Debug for project CPM_Voltage_Sense_Gyro_Acc_Motor_Temp_Baro_DHT22 ****
make -j16 all 
arm-none-eabi-gcc "../Core/Src/main.c" -mcpu=cortex-m4 -std=gnu11 -g3 -DDEBUG -DUSE_HAL_DRIVER -DSTM32F446xx -c -I../Core/Inc -I../Drivers/STM32F4xx_HAL_Driver/Inc -I../Drivers/STM32F4xx_HAL_Driver/Inc/Legacy -I../Drivers/CMSIS/Device/ST/STM32F4xx/Include -I../Drivers/CMSIS/Include -O0 -ffunction-sections -fdata-sections -Wall -fstack-usage -MMD -MP -MF"Core/Src/main.d" -MT"Core/Src/main.o" --specs=nano.specs -mfpu=fpv4-sp-d16 -mfloat-abi=hard -mthumb -o "Core/Src/main.o"
../Core/Src/main.c: In function 'main':
../Core/Src/main.c:138:29: warning: passing argument 2 of 'HAL_ADC_Start_DMA' from incompatible pointer type [-Wincompatible-pointer-types]
  138 |   HAL_ADC_Start_DMA(&hadc1, val, 1);
      |                             ^~~
      |                             |
      |                             uint16_t * {aka short unsigned int *}
In file included from ../Core/Inc/stm32f4xx_hal_conf.h:294,
                 from ../Drivers/STM32F4xx_HAL_Driver/Inc/stm32f4xx_hal.h:29,
                 from ../Core/Inc/main.h:30,
                 from ../Core/Src/main.c:20:
../Drivers/STM32F4xx_HAL_Driver/Inc/stm32f4xx_hal_adc.h:594:72: note: expected 'uint32_t *' {aka 'long unsigned int *'} but argument is of type 'uint16_t *' {aka 'short unsigned int *'}
  594 | HAL_StatusTypeDef HAL_ADC_Start_DMA(ADC_HandleTypeDef* hadc, uint32_t* pData, uint32_t Length);
      |                                                              ~~~~~~~~~~^~~~~
arm-none-eabi-gcc -o "CPM_Voltage_Sense_Gyro_Acc_Motor_Temp_Baro_DHT22.elf" @"objects.list"   -mcpu=cortex-m4 -T"C:\THIRUVARULSELVAN\Dutah-Sounding-Rocket-Avionics\Design\Inertial Sensing Unit\STM Workspace\CPM_Voltage_Sense_Gyro_Acc_Motor_Temp_Baro_DHT22\STM32F446RETX_FLASH.ld" --specs=nosys.specs -Wl,-Map="CPM_Voltage_Sense_Gyro_Acc_Motor_Temp_Baro_DHT22.map" -Wl,--gc-sections -static --specs=nano.specs -mfpu=fpv4-sp-d16 -mfloat-abi=hard -mthumb -Wl,--start-group -lc -lm -Wl,--end-group
Finished building target: CPM_Voltage_Sense_Gyro_Acc_Motor_Temp_Baro_DHT22.elf
 
arm-none-eabi-size   CPM_Voltage_Sense_Gyro_Acc_Motor_Temp_Baro_DHT22.elf 
arm-none-eabi-objdump -h -S  CPM_Voltage_Sense_Gyro_Acc_Motor_Temp_Baro_DHT22.elf  > "CPM_Voltage_Sense_Gyro_Acc_Motor_Temp_Baro_DHT22.list"
   text	   data	    bss	    dec	    hex	filename
  31080	    128	   2264	  33472	   82c0	CPM_Voltage_Sense_Gyro_Acc_Motor_Temp_Baro_DHT22.elf
Finished building: default.size.stdout
 
Finished building: CPM_Voltage_Sense_Gyro_Acc_Motor_Temp_Baro_DHT22.list
 
19:44:47 **** Incremental Build of configuration Debug for project CPM_Voltage_Sense_Int_Gyro_Acc_test_Int_Motor_Temp_Test ****
make -j16 all 
arm-none-eabi-size   CPM_Voltage_Sense_Int_Gyro_Acc_test_Int_Motor_Temp_Test.elf 
   text	   data	    bss	    dec	    hex	filename
  22800	     28	   2036	  24864	   6120	CPM_Voltage_Sense_Int_Gyro_Acc_test_Int_Motor_Temp_Test.elf
Finished building: default.size.stdout
 
19:47:45 **** Incremental Build of configuration Debug for project CPM_Voltage_Sense_Gyro_Acc_Motor_Temp_Baro_DHT22 ****
make -j16 all 
arm-none-eabi-gcc "../Core/Src/main.c" -mcpu=cortex-m4 -std=gnu11 -g3 -DDEBUG -DUSE_HAL_DRIVER -DSTM32F446xx -c -I../Core/Inc -I../Drivers/STM32F4xx_HAL_Driver/Inc -I../Drivers/STM32F4xx_HAL_Driver/Inc/Legacy -I../Drivers/CMSIS/Device/ST/STM32F4xx/Include -I../Drivers/CMSIS/Include -O0 -ffunction-sections -fdata-sections -Wall -fstack-usage -MMD -MP -MF"Core/Src/main.d" -MT"Core/Src/main.o" --specs=nano.specs -mfpu=fpv4-sp-d16 -mfloat-abi=hard -mthumb -o "Core/Src/main.o"
../Core/Src/main.c: In function 'main':
../Core/Src/main.c:138:29: warning: passing argument 2 of 'HAL_ADC_Start_DMA' from incompatible pointer type [-Wincompatible-pointer-types]
  138 |   HAL_ADC_Start_DMA(&hadc1, val, 1);
      |                             ^~~
      |                             |
      |                             uint16_t * {aka short unsigned int *}
In file included from ../Core/Inc/stm32f4xx_hal_conf.h:294,
                 from ../Drivers/STM32F4xx_HAL_Driver/Inc/stm32f4xx_hal.h:29,
                 from ../Core/Inc/main.h:30,
                 from ../Core/Src/main.c:20:
../Drivers/STM32F4xx_HAL_Driver/Inc/stm32f4xx_hal_adc.h:594:72: note: expected 'uint32_t *' {aka 'long unsigned int *'} but argument is of type 'uint16_t *' {aka 'short unsigned int *'}
  594 | HAL_StatusTypeDef HAL_ADC_Start_DMA(ADC_HandleTypeDef* hadc, uint32_t* pData, uint32_t Length);
      |                                                              ~~~~~~~~~~^~~~~
At top level:
../Core/Src/main.c:147:8: warning: 'dht22_sensor' defined but not used [-Wunused-function]
  147 |   void dht22_sensor()
      |        ^~~~~~~~~~~~
../Core/Src/main.c:140:8: warning: 'barometer_sensor' defined but not used [-Wunused-function]
  140 |   void barometer_sensor()
      |        ^~~~~~~~~~~~~~~~
arm-none-eabi-gcc -o "CPM_Voltage_Sense_Gyro_Acc_Motor_Temp_Baro_DHT22.elf" @"objects.list"   -mcpu=cortex-m4 -T"C:\THIRUVARULSELVAN\Dutah-Sounding-Rocket-Avionics\Design\Inertial Sensing Unit\STM Workspace\CPM_Voltage_Sense_Gyro_Acc_Motor_Temp_Baro_DHT22\STM32F446RETX_FLASH.ld" --specs=nosys.specs -Wl,-Map="CPM_Voltage_Sense_Gyro_Acc_Motor_Temp_Baro_DHT22.map" -Wl,--gc-sections -static --specs=nano.specs -mfpu=fpv4-sp-d16 -mfloat-abi=hard -mthumb -Wl,--start-group -lc -lm -Wl,--end-group
Finished building target: CPM_Voltage_Sense_Gyro_Acc_Motor_Temp_Baro_DHT22.elf
 
arm-none-eabi-size   CPM_Voltage_Sense_Gyro_Acc_Motor_Temp_Baro_DHT22.elf 
arm-none-eabi-objdump -h -S  CPM_Voltage_Sense_Gyro_Acc_Motor_Temp_Baro_DHT22.elf  > "CPM_Voltage_Sense_Gyro_Acc_Motor_Temp_Baro_DHT22.list"
   text	   data	    bss	    dec	    hex	filename
  24028	     28	   2172	  26228	   6674	CPM_Voltage_Sense_Gyro_Acc_Motor_Temp_Baro_DHT22.elf
Finished building: default.size.stdout
 
Finished building: CPM_Voltage_Sense_Gyro_Acc_Motor_Temp_Baro_DHT22.list
 
