16:09:33 **** Incremental Build of configuration Debug for project GPS_F44RE ****
make -j16 all 
arm-none-eabi-gcc "../Core/Src/stm32f4xx_it.c" -mcpu=cortex-m4 -std=gnu11 -g3 -DDEBUG -DUSE_HAL_DRIVER -DSTM32F446xx -c -I../Core/Inc -I../Drivers/STM32F4xx_HAL_Driver/Inc -I../Drivers/STM32F4xx_HAL_Driver/Inc/Legacy -I../Drivers/CMSIS/Device/ST/STM32F4xx/Include -I../Drivers/CMSIS/Include -O0 -ffunction-sections -fdata-sections -Wall -fstack-usage -MMD -MP -MF"Core/Src/stm32f4xx_it.d" -MT"Core/Src/stm32f4xx_it.o" --specs=nano.specs -mfpu=fpv4-sp-d16 -mfloat-abi=hard -mthumb -o "Core/Src/stm32f4xx_it.o"
arm-none-eabi-gcc -o "GPS_F44RE.elf" @"objects.list"   -mcpu=cortex-m4 -T"C:\THIRUVARULSELVAN\Dutah-Sounding-Rocket-Avionics\Design\Inertial Sensing Unit\STM Workspace\GPS_F44RE\STM32F446RETX_FLASH.ld" --specs=nosys.specs -Wl,-Map="GPS_F44RE.map" -Wl,--gc-sections -static --specs=nano.specs -mfpu=fpv4-sp-d16 -mfloat-abi=hard -mthumb -Wl,--start-group -lc -lm -Wl,--end-group
Finished building target: GPS_F44RE.elf
 
arm-none-eabi-size   GPS_F44RE.elf 
arm-none-eabi-objdump -h -S  GPS_F44RE.elf  > "GPS_F44RE.list"
   text	   data	    bss	    dec	    hex	filename
  21968	    124	   2988	  25080	   61f8	GPS_F44RE.elf
Finished building: default.size.stdout
 
Finished building: GPS_F44RE.list
 

16:09:34 Build Finished. 0 errors, 0 warnings. (took 562ms)

