15:41:12 **** Incremental Build of configuration Debug for project ITM test ****
make -j16 all 
arm-none-eabi-gcc "../Core/Src/main.c" -mcpu=cortex-m4 -std=gnu11 -g3 -DDEBUG -DUSE_HAL_DRIVER -DSTM32F446xx -c -I../Core/Inc -I../Drivers/STM32F4xx_HAL_Driver/Inc -I../Drivers/STM32F4xx_HAL_Driver/Inc/Legacy -I../Drivers/CMSIS/Device/ST/STM32F4xx/Include -I../Drivers/CMSIS/Include -O0 -ffunction-sections -fdata-sections -Wall -fstack-usage -MMD -MP -MF"Core/Src/main.d" -MT"Core/Src/main.o" --specs=nano.specs -mfpu=fpv4-sp-d16 -mfloat-abi=hard -mthumb -o "Core/Src/main.o"
arm-none-eabi-gcc -o "ITM test.elf" @"objects.list"   -mcpu=cortex-m4 -T"C:\Users\student\STM32CubeIDE\workspace_1.8.1\ITM test\STM32F446RETX_FLASH.ld" --specs=nosys.specs -Wl,-Map="ITM test.map" -Wl,--gc-sections -static --specs=nano.specs -mfpu=fpv4-sp-d16 -mfloat-abi=hard -mthumb -Wl,--start-group -lc -lm -Wl,--end-group
Finished building target: ITM test.elf
 
arm-none-eabi-size   ITM\ test.elf 
arm-none-eabi-objdump -h -S  ITM\ test.elf  > "ITM test.list"
arm-none-eabi-objcopy  -O binary  ITM\ test.elf  "ITM test.bin"
   text	   data	    bss	    dec	    hex	filename
   5524	     20	   1572	   7116	   1bcc	ITM test.elf
Finished building: default.size.stdout
 
Finished building: ITM test.bin
 
Finished building: ITM test.list
 

15:41:13 Build Finished. 0 errors, 0 warnings. (took 533ms)

