18:32:53 **** Incremental Build of configuration Debug for project Motor_temperature_test_L475 ****
make -j16 all 
arm-none-eabi-gcc "../Core/Src/MAX6675.c" -mcpu=cortex-m4 -std=gnu11 -g3 -DDEBUG -DUSE_HAL_DRIVER -DSTM32L475xx -c -I../Core/Inc -I../Drivers/STM32L4xx_HAL_Driver/Inc -I../Drivers/STM32L4xx_HAL_Driver/Inc/Legacy -I../Drivers/CMSIS/Device/ST/STM32L4xx/Include -I../Drivers/CMSIS/Include -O0 -ffunction-sections -fdata-sections -Wall -fstack-usage -MMD -MP -MF"Core/Src/MAX6675.d" -MT"Core/Src/MAX6675.o" --specs=nano.specs -mfpu=fpv4-sp-d16 -mfloat-abi=hard -mthumb -o "Core/Src/MAX6675.o"
arm-none-eabi-gcc -o "Motor_temperature_test_L475.elf" @"objects.list"   -mcpu=cortex-m4 -T"C:\Users\student\STM32CubeIDE\workspace_1.8.1\Motor_temperature_test_L475\STM32L475VGTX_FLASH.ld" --specs=nosys.specs -Wl,-Map="Motor_temperature_test_L475.map" -Wl,--gc-sections -static --specs=nano.specs -mfpu=fpv4-sp-d16 -mfloat-abi=hard -mthumb -u _printf_float -Wl,--start-group -lc -lm -Wl,--end-group
Finished building target: Motor_temperature_test_L475.elf
 
arm-none-eabi-size   Motor_temperature_test_L475.elf 
arm-none-eabi-objdump -h -S  Motor_temperature_test_L475.elf  > "Motor_temperature_test_L475.list"
   text	   data	    bss	    dec	    hex	filename
  31972	    484	   1908	  34364	   863c	Motor_temperature_test_L475.elf
Finished building: default.size.stdout
 
Finished building: Motor_temperature_test_L475.list
 

18:32:54 Build Finished. 0 errors, 0 warnings. (took 603ms)

