16:44:31 **** Incremental Build of configuration Debug for project Motor_Temp_Data_Storage_Test_F446RE ****
make -j16 all 
arm-none-eabi-gcc "../Core/Src/main.c" -mcpu=cortex-m4 -std=gnu11 -g3 -DDEBUG -DUSE_HAL_DRIVER -DSTM32F446xx -c -I../Core/Inc -I../Drivers/STM32F4xx_HAL_Driver/Inc -I../Drivers/STM32F4xx_HAL_Driver/Inc/Legacy -I../Drivers/CMSIS/Device/ST/STM32F4xx/Include -I../Drivers/CMSIS/Include -I../FATFS/Target -I../FATFS/App -I../Middlewares/Third_Party/FatFs/src -O0 -ffunction-sections -fdata-sections -Wall -fstack-usage -MMD -MP -MF"Core/Src/main.d" -MT"Core/Src/main.o" --specs=nano.specs -mfpu=fpv4-sp-d16 -mfloat-abi=hard -mthumb -o "Core/Src/main.o"
arm-none-eabi-gcc -o "Motor_Temp_Data_Storage_Test_F446RE.elf" @"objects.list"   -mcpu=cortex-m4 -T"C:\Users\student\STM32CubeIDE\workspace_1.8.1\Motor_Temp_Data_Storage_Test_F446RE\STM32F446RETX_FLASH.ld" --specs=nosys.specs -Wl,-Map="Motor_Temp_Data_Storage_Test_F446RE.map" -Wl,--gc-sections -static --specs=nano.specs -mfpu=fpv4-sp-d16 -mfloat-abi=hard -mthumb -u _printf_float -u _scanf_float -Wl,--start-group -lc -lm -Wl,--end-group
Finished building target: Motor_Temp_Data_Storage_Test_F446RE.elf
 
arm-none-eabi-size   Motor_Temp_Data_Storage_Test_F446RE.elf 
arm-none-eabi-objdump -h -S  Motor_Temp_Data_Storage_Test_F446RE.elf  > "Motor_Temp_Data_Storage_Test_F446RE.list"
   text	   data	    bss	    dec	    hex	filename
  53148	    512	  10864	  64524	   fc0c	Motor_Temp_Data_Storage_Test_F446RE.elf
Finished building: default.size.stdout
 
Finished building: Motor_Temp_Data_Storage_Test_F446RE.list
 

16:44:32 Build Finished. 0 errors, 0 warnings. (took 771ms)

