18:19:18 **** Incremental Build of configuration Debug for project UART Rx ****
make -j16 all 
arm-none-eabi-gcc "../Core/Src/main.c" -mcpu=cortex-m4 -std=gnu11 -g3 -DDEBUG -DUSE_HAL_DRIVER -DSTM32F446xx -c -I../Core/Inc -I../Drivers/STM32F4xx_HAL_Driver/Inc -I../Drivers/STM32F4xx_HAL_Driver/Inc/Legacy -I../Drivers/CMSIS/Device/ST/STM32F4xx/Include -I../Drivers/CMSIS/Include -O0 -ffunction-sections -fdata-sections -Wall -fstack-usage -MMD -MP -MF"Core/Src/main.d" -MT"Core/Src/main.o" --specs=nano.specs -mfpu=fpv4-sp-d16 -mfloat-abi=hard -mthumb -o "Core/Src/main.o"
arm-none-eabi-gcc -o "UART Rx.elf" @"objects.list"   -mcpu=cortex-m4 -T"C:\Users\student\STM32CubeIDE\workspace_1.8.1\UART Rx\STM32F446RETX_FLASH.ld" --specs=nosys.specs -Wl,-Map="UART Rx.map" -Wl,--gc-sections -static --specs=nano.specs -mfpu=fpv4-sp-d16 -mfloat-abi=hard -mthumb -Wl,--start-group -lc -lm -Wl,--end-group
Finished building target: UART Rx.elf
 
arm-none-eabi-size   UART\ Rx.elf 
arm-none-eabi-objdump -h -S  UART\ Rx.elf  > "UART Rx.list"
arm-none-eabi-objcopy  -O binary  UART\ Rx.elf  "UART Rx.bin"
   text	   data	    bss	    dec	    hex	filename
   8480	     20	   1644	  10144	   27a0	UART Rx.elf
Finished building: default.size.stdout
 
Finished building: UART Rx.bin
 
Finished building: UART Rx.list
 

18:19:19 Build Finished. 0 errors, 0 warnings. (took 523ms)

