19:05:52 **** Incremental Build of configuration Debug for project UART Tx ****
make -j16 all 
arm-none-eabi-gcc "../Core/Src/main.c" -mcpu=cortex-m4 -std=gnu11 -g3 -DDEBUG -DUSE_HAL_DRIVER -DSTM32F446xx -c -I../Core/Inc -I../Drivers/STM32F4xx_HAL_Driver/Inc -I../Drivers/STM32F4xx_HAL_Driver/Inc/Legacy -I../Drivers/CMSIS/Device/ST/STM32F4xx/Include -I../Drivers/CMSIS/Include -O0 -ffunction-sections -fdata-sections -Wall -fstack-usage -MMD -MP -MF"Core/Src/main.d" -MT"Core/Src/main.o" --specs=nano.specs -mfpu=fpv4-sp-d16 -mfloat-abi=hard -mthumb -o "Core/Src/main.o"
arm-none-eabi-gcc -o "UART Tx.elf" @"objects.list"   -mcpu=cortex-m4 -T"C:\Users\student\STM32CubeIDE\workspace_1.8.1\UART Tx\STM32F446RETX_FLASH.ld" --specs=nosys.specs -Wl,-Map="UART Tx.map" -Wl,--gc-sections -static --specs=nano.specs -mfpu=fpv4-sp-d16 -mfloat-abi=hard -mthumb -Wl,--start-group -lc -lm -Wl,--end-group
Finished building target: UART Tx.elf
 
arm-none-eabi-size   UART\ Tx.elf 
arm-none-eabi-objdump -h -S  UART\ Tx.elf  > "UART Tx.list"
arm-none-eabi-objcopy  -O binary  UART\ Tx.elf  "UART Tx.bin"
   text	   data	    bss	    dec	    hex	filename
   9064	    120	   1648	  10832	   2a50	UART Tx.elf
Finished building: default.size.stdout
 
Finished building: UART Tx.bin
 
Finished building: UART Tx.list
 

19:05:53 Build Finished. 0 errors, 0 warnings. (took 594ms)

