15:54:53 **** Incremental Build of configuration Debug for project USB CDC F44RE ****
make -j16 all 
arm-none-eabi-gcc "../Core/Src/stm32f4xx_hal_msp.c" -mcpu=cortex-m4 -std=gnu11 -g3 -DDEBUG -DUSE_HAL_DRIVER -DSTM32F446xx -c -I../Core/Inc -I../Drivers/STM32F4xx_HAL_Driver/Inc -I../Drivers/STM32F4xx_HAL_Driver/Inc/Legacy -I../Drivers/CMSIS/Device/ST/STM32F4xx/Include -I../Drivers/CMSIS/Include -I../USB_DEVICE/App -I../USB_DEVICE/Target -I../Middlewares/ST/STM32_USB_Device_Library/Core/Inc -I../Middlewares/ST/STM32_USB_Device_Library/Class/CDC/Inc -O0 -ffunction-sections -fdata-sections -Wall -fstack-usage -MMD -MP -MF"Core/Src/stm32f4xx_hal_msp.d" -MT"Core/Src/stm32f4xx_hal_msp.o" --specs=nano.specs -mfpu=fpv4-sp-d16 -mfloat-abi=hard -mthumb -o "Core/Src/stm32f4xx_hal_msp.o"
arm-none-eabi-gcc -o "USB CDC F44RE.elf" @"objects.list"   -mcpu=cortex-m4 -T"C:\THIRUVARULSELVAN\Dutah-Sounding-Rocket-Avionics\Design\Inertial Sensing Unit\STM Workspace\USB CDC F44RE\STM32F446RETX_FLASH.ld" --specs=nosys.specs -Wl,-Map="USB CDC F44RE.map" -Wl,--gc-sections -static --specs=nano.specs -mfpu=fpv4-sp-d16 -mfloat-abi=hard -mthumb -Wl,--start-group -lc -lm -Wl,--end-group
Finished building target: USB CDC F44RE.elf
 
arm-none-eabi-size   USB\ CDC\ F44RE.elf 
arm-none-eabi-objdump -h -S  USB\ CDC\ F44RE.elf  > "USB CDC F44RE.list"
   text	   data	    bss	    dec	    hex	filename
  31316	    276	   8756	  40348	   9d9c	USB CDC F44RE.elf
Finished building: default.size.stdout
 
Finished building: USB CDC F44RE.list
 

15:54:53 Build Finished. 0 errors, 0 warnings. (took 755ms)

